// Jest Snapshot v1, https://goo.gl/fbAQLP

exports[`ResponsiveImage should render a lazy loading UI when a valid loader prop is passed 1`] = `"Loading..."`;

exports[`ResponsiveImage should render correctly 1`] = `
.c0 {
  position: relative;
  height: 0;
  width: 100%;
  padding-top: 56.25%;
  background-image: url(http://placekitten.com/g/826/465);
  background-repeat: no-repeat;
  background-size: cover;
}

.c1 {
  position: absolute;
  visibility: hidden;
  height: 0;
  width: 0;
  top: 0;
  left: 0;
}

<div
  className="image image--responsive c0"
  height={9}
  width={16}
>
  <img
    alt="Test Kitten"
    className="image image--seo image--hidden c1"
    height={9}
    src="http://placekitten.com/g/826/465"
    width={16}
  />
</div>
`;
