// Jest Snapshot v1, https://goo.gl/fbAQLP

exports[`StaticImage should render a lazy loading UI when a valid loader prop is passed 1`] = `"Loading..."`;

exports[`StaticImage should render correctly 1`] = `
<img
  alt="Test Kitten"
  className="image image--static eBdrNh"
  height={9}
  src="https://placekitten.com/g/826/465"
  width={16}
/>
`;
