// Jest Snapshot v1, https://goo.gl/fbAQLP

exports[`StarIcon renders correctly 1`] = `
<svg
  fill="#000"
  height={22}
  viewBox="0 0 11 10"
  width={22}
>
  <title>
    Star Icon
  </title>
  <path
    d="M5.5 7.7L2.267 9.95l1.14-3.77L.27 3.8l3.938-.08L5.5 0l1.293 3.72 3.938.08-3.139 2.38 1.14 3.77z"
    fillRule="evenodd"
  />
</svg>
`;
