// Jest Snapshot v1, https://goo.gl/fbAQLP

exports[`<RowOptionsLink /> renders RowOptionsLink 1`] = `
<div
  className="kItATl"
>
  <div
    className="hXtSSo"
  >
    <button
      className="link--row-options lloPoD bxfJSg"
      data-index={0}
      href={null}
      onClick={[Function]}
      rel="_self"
      size={
        Object {
          "large": "hecto",
          "medium": "hecto",
          "small": "hecto",
        }
      }
      target=""
    />
    <span
      className="link--row-options bvvhOA ftLRQP"
      data-index={0}
      href=""
      onClick={null}
      rel="_self"
      size={
        Object {
          "large": "hecto",
          "medium": "hecto",
          "small": "hecto",
        }
      }
      target=""
    />
  </div>
</div>
`;
