// Jest Snapshot v1, https://goo.gl/fbAQLP

exports[`<RowOptionsLink /> renders RowOptionsLink 1`] = `
<div
  className="cIpSxI"
>
  <div
    className="hXtSSo"
  >
    <button
      className="link--row-options fJZiLm dfxSKG"
      data-index={0}
      href={null}
      onClick={[Function]}
      rel="_self"
      size="hecto"
      target=""
    />
    <span
      className="link--row-options hhSqYX YuCWl"
      data-index={0}
      href=""
      onClick={null}
      rel="_self"
      size="hecto"
      target=""
    />
  </div>
</div>
`;
