// Jest Snapshot v1, https://goo.gl/fbAQLP

exports[`<Breadcrumb.Item /> renders correctly 1`] = `
.c0 {
  padding: 0 4px;
}

.c0:first-of-type {
  padding-left: 0;
}

.c0:last-of-type {
  padding-right: 0;
}

.c1 {
  font-size: 14px;
  -webkit-flex: 1;
  -ms-flex: 1;
  flex: 1;
  overflow: hidden;
  text-overflow: ellipsis;
  color: rgba(2,108,223,1);
  -webkit-text-decoration: none;
  text-decoration: none;
}

<li
  className="c0"
  itemProp="itemListElement"
  itemScope={true}
  itemType="http://schema.org/ListItem"
>
  <a
    className="c1"
    color=""
    href="/"
    itemProp="item"
    rel={undefined}
    target=""
  >
    Home
  </a>
  <meta
    content="Home"
    itemProp="name"
  />
  <meta
    content="1"
    itemProp="position"
  />
</li>
`;
