// Jest Snapshot v1, https://goo.gl/fbAQLP

exports[`<Breadcrumb /> renders correctly 1`] = `
.c0 {
  list-style-type: none;
  margin: 0;
  padding: 0;
  font-weight: 600;
  display: -webkit-box;
  display: -webkit-flex;
  display: -ms-flexbox;
  display: flex;
  -webkit-flex-flow: row;
  -ms-flex-flow: row;
  flex-flow: row;
  color: inherit;
  -webkit-flex: 0 1 50%;
  -ms-flex: 0 1 50%;
  flex: 0 1 50%;
  -webkit-align-items: center;
  -webkit-box-align: center;
  -ms-flex-align: center;
  align-items: center;
}

.c0 li:last-of-type {
  min-width: 0;
  white-space: nowrap;
  overflow: hidden;
  text-overflow: ellipsis;
}

.c0 li:not(:last-of-type):after {
  padding: 0 4px;
  content: "/";
  font-size: 12px;
}

<nav>
  <ol
    className="c0"
    itemScope={true}
    itemType="http://schema.org/Breadcrumb"
  >
    Breadcrumb
    List
  </ol>
</nav>
`;
